Randoop for Java version 4.3.4.

Will try to generate tests for 1 classes.
PUBLIC MEMBERS=15
Explorer = ForwardGenerator(steps: 0, null steps: 0, num_sequences_generated: 0;
    allSequences: 0, regresson seqs: 0, error seqs: 0=0=0, invalid seqs: 0, subsumed_sequences: 0, num_failed_output_test: 0;
    sideEffectFreeMethods: 1113, runtimePrimitivesSeen: 38)

Progress update: steps=1, test inputs generated=0, failing inputs=0      (2026-05-29T14:19:11.248163557Z     55,6M used)
Progress update: steps=1000, test inputs generated=430, failing inputs=0      (2026-05-29T14:19:26.990538510Z     564M used)
Progress update: steps=2000, test inputs generated=755, failing inputs=0      (2026-05-29T14:19:35.783709276Z     115M used)
Progress update: steps=3000, test inputs generated=1061, failing inputs=0      (2026-05-29T14:19:43.887819758Z     153M used)
Progress update: steps=4000, test inputs generated=1370, failing inputs=0      (2026-05-29T14:19:52.243772312Z     78,3M used)
Progress update: steps=5000, test inputs generated=1700, failing inputs=0      (2026-05-29T14:20:00.990194207Z     81,2M used)
Progress update: steps=6000, test inputs generated=2039, failing inputs=0      (2026-05-29T14:20:09.853531942Z     120M used)
Progress update: steps=6151, test inputs generated=2093, failing inputs=0      (2026-05-29T14:20:11.251364465Z     384M used)
Normal method executions: 368651
Exceptional method executions: 305

Average method execution time (normal termination):      0,000295
Average method execution time (exceptional termination): 0,109
Approximate memory usage 384M
Explorer = ForwardGenerator(steps: 6151, null steps: 4058, num_sequences_generated: 2093;
    allSequences: 2093, regresson seqs: 2092, error seqs: 0=0=0, invalid seqs: 0, subsumed_sequences: 0, num_failed_output_test: 1;
    sideEffectFreeMethods: 1113, runtimePrimitivesSeen: 38)

No error-revealing tests to output.

About to look for failing assertions in 1003 regression sequences.
                                                                                                                                                                                                       
Regression test output:
Regression test count: 1003
Writing regression JUnit tests...
Created file /home/leonardo/uni/isw2/SyncopeNoTest/refactoring-variants/AuthDataAccessor/table3/C3/RND/generated-tests/org/apache/syncope/core/spring/security/randoop/c3/RegressionTest0.java
Created file /home/leonardo/uni/isw2/SyncopeNoTest/refactoring-variants/AuthDataAccessor/table3/C3/RND/generated-tests/org/apache/syncope/core/spring/security/randoop/c3/RegressionTest1.java
Created file /home/leonardo/uni/isw2/SyncopeNoTest/refactoring-variants/AuthDataAccessor/table3/C3/RND/generated-tests/org/apache/syncope/core/spring/security/randoop/c3/RegressionTest2.java
Created file /home/leonardo/uni/isw2/SyncopeNoTest/refactoring-variants/AuthDataAccessor/table3/C3/RND/generated-tests/org/apache/syncope/core/spring/security/randoop/c3/RegressionTest.java
Wrote regression JUnit tests.
About to look for flaky methods.
Done looking for flaky methods.

Invalid tests generated: 0
