[[1;34mINFO[m] Cache disabled by command line flag, project will be built fully and not cached
[[1;34mINFO[m] Scanning for projects...
[[1;33mWARNING[m] 
[[1;33mWARNING[m] Some problems were encountered while building the effective model for org.apache.syncope.core:syncope-core-spring:jar:5.0.0-SNAPSHOT
[[1;33mWARNING[m] 'dependencies.dependency.version' for org.testng:testng:jar is either LATEST or RELEASE (both of them are being deprecated) @ line 180, column 16
[[1;33mWARNING[m] 
[[1;33mWARNING[m] It is highly recommended to fix these problems because they threaten the stability of your build.
[[1;33mWARNING[m] 
[[1;33mWARNING[m] For this reason, future Maven versions might no longer support building such malformed projects.
[[1;33mWARNING[m] 
[[1;34mINFO[m] 
[[1;34mINFO[m] [1m------------< [0;36morg.apache.syncope.core:syncope-core-spring[0;1m >-------------[m
[[1;34mINFO[m] [1mBuilding Apache Syncope Core Spring 5.0.0-SNAPSHOT[m
[[1;34mINFO[m]   from pom.xml
[[1;34mINFO[m] [1m--------------------------------[ jar ]---------------------------------[m
[[1;34mINFO[m] Cache is DISABLED on project level for org.apache.syncope.core:syncope-core-spring
[[1;33mWARNING[m] 1 problem was encountered while building the effective model for org.evosuite:evosuite-standalone-runtime:jar:1.0.6 during dependency collection step for project (use -X to see details)
[[1;34mINFO[m] 
[[1;34mINFO[m] [1m--- [0;32menforcer:3.6.2:enforce[m [1m(enforce-maven-version)[m @ [36msyncope-core-spring[0;1m ---[m
[[1;34mINFO[m] Rule 0: org.apache.maven.enforcer.rules.version.RequireMavenVersion passed
[[1;34mINFO[m] 
[[1;34mINFO[m] [1m--- [0;32menforcer:3.6.2:enforce[m [1m(enforce-java-version)[m @ [36msyncope-core-spring[0;1m ---[m
[[1;34mINFO[m] Rule 0: org.apache.maven.enforcer.rules.version.RequireJavaVersion passed
[[1;34mINFO[m] 
[[1;34mINFO[m] [1m--- [0;32menforcer:3.6.2:enforce[m [1m(default-cli)[m @ [36msyncope-core-spring[0;1m ---[m
[[1;34mINFO[m] Rule 0: org.apache.maven.enforcer.rules.version.RequireJavaVersion passed
[[1;34mINFO[m] Rule 1: org.apache.maven.enforcer.rules.version.RequireMavenVersion passed
[[1;34mINFO[m] 
[[1;34mINFO[m] [1m--- [0;32mjacoco:0.8.14:prepare-agent[m [1m(prepare-jacoco-agent)[m @ [36msyncope-core-spring[0;1m ---[m
[[1;34mINFO[m] argLine set to -javaagent:/home/leonardo/.m2/repository/org/jacoco/org.jacoco.agent/0.8.14/org.jacoco.agent-0.8.14-runtime.jar=destfile=/home/leonardo/uni/isw2/SyncopeNoTest/core/spring/target/jacoco.exec -Xms512m -Xmx1024m -Xss256k
[[1;34mINFO[m] 
[[1;34mINFO[m] [1m--- [0;32mgplus:4.3.1:execute[m [1m(default)[m @ [36msyncope-core-spring[0;1m ---[m
[[1;34mINFO[m] Using plugin classloader, includes GMavenPlus and project classpath.
[[1;34mINFO[m] Using Groovy 5.0.5 to perform execute.
[[1;34mINFO[m] 
[[1;34mINFO[m] [1m--- [0;32mremote-resources:3.3.0:process[m [1m(process-resource-bundles)[m @ [36msyncope-core-spring[0;1m ---[m
[[1;34mINFO[m] Skipping remote resources execution.
[[1;34mINFO[m] 
[[1;34mINFO[m] [1m--- [0;32mresources:3.5.0:resources[m [1m(default-resources)[m @ [36msyncope-core-spring[0;1m ---[m
[[1;34mINFO[m] Copying 0 resource from src/main/resources to target/classes
[[1;34mINFO[m] Copying 2 resources from src/main/resources to target/classes
[[1;34mINFO[m] 
[[1;34mINFO[m] [1m--- [0;32mresources:3.5.0:copy-resources[m [1m(copy-artifact-legal-files)[m @ [36msyncope-core-spring[0;1m ---[m
[[1;34mINFO[m] Copying 2 resources from ../.. to target/classes/META-INF
[[1;34mINFO[m] 
[[1;34mINFO[m] [1m--- [0;32mresources:3.5.0:copy-resources[m [1m(copy-javadoc-legal-files)[m @ [36msyncope-core-spring[0;1m ---[m
[[1;34mINFO[m] Copying 2 resources from ../.. to target/reports/apidocs/META-INF
[[1;34mINFO[m] 
[[1;34mINFO[m] [1m--- [0;32mcompiler:3.15.0:compile[m [1m(default-compile)[m @ [36msyncope-core-spring[0;1m ---[m
[[1;34mINFO[m] Nothing to compile - all classes are up to date.
[[1;34mINFO[m] 
[[1;34mINFO[m] [1m--- [0;32mresources:3.5.0:testResources[m [1m(default-testResources)[m @ [36msyncope-core-spring[0;1m ---[m
[[1;34mINFO[m] Copying 2 resources from src/test/resources to target/test-classes
[[1;34mINFO[m] 
[[1;34mINFO[m] [1m--- [0;32mcompiler:3.15.0:testCompile[m [1m(default-testCompile)[m @ [36msyncope-core-spring[0;1m ---[m
[[1;34mINFO[m] Compiling 1 source file with javac [debug deprecation release 25] to target/test-classes
[[1;33mWARNING[m] Supported source version 'RELEASE_6' from annotation processor 'org.eclipse.sisu.scanners.index.SisuIndexAPT6' less than -source '25'
[[1;34mINFO[m] 
[[1;34mINFO[m] [1m--- [0;32msurefire:3.5.5:test[m [1m(default-test)[m @ [36msyncope-core-spring[0;1m ---[m
[[1;34mINFO[m] Using auto detected provider org.apache.maven.surefire.junitplatform.JUnitPlatformProvider
[[1;34mINFO[m] 
[[1;34mINFO[m] -------------------------------------------------------
[[1;34mINFO[m]  T E S T S
[[1;34mINFO[m] -------------------------------------------------------
[[1;34mINFO[m] Running org.apache.syncope.core.spring.security.[1mAuthDataAccessorC2LLMGuidedTreeTest[m
[[1;31mERROR[m] [1;31mTests [0;1mrun: [0;1m11[m, [1;31mFailures: [0;1;31m2[m, [1;31mErrors: [0;1;31m2[m, Skipped: 0, Time elapsed: 2.169 s[1;31m <<< FAILURE![m -- in org.apache.syncope.core.spring.security.[1mAuthDataAccessorC2LLMGuidedTreeTest[m
[[1;31mERROR[m] org.apache.syncope.core.spring.security.AuthDataAccessorC2LLMGuidedTreeTest.authenticateShouldIncrementFailedLoginsOnFailure -- Time elapsed: 0.123 s <<< ERROR!
org.springframework.security.authentication.DisabledException: User null not allowed to authenticate
	at org.apache.syncope.core.spring.security.AuthDataAccessor.authenticate(AuthDataAccessor.java:264)
	at org.apache.syncope.core.spring.security.AuthDataAccessor.authenticate(AuthDataAccessor.java:228)
	at org.apache.syncope.core.spring.security.AuthDataAccessorC2LLMGuidedTreeTest.authenticateShouldIncrementFailedLoginsOnFailure(AuthDataAccessorC2LLMGuidedTreeTest.java:227)

[[1;31mERROR[m] org.apache.syncope.core.spring.security.AuthDataAccessorC2LLMGuidedTreeTest.getAuthoritiesShouldReturnAdminAuthoritiesForAdminUser -- Time elapsed: 0.008 s <<< FAILURE!
java.lang.AssertionError: Admin authorities should not be empty
	at org.junit.Assert.fail(Assert.java:89)
	at org.junit.Assert.assertTrue(Assert.java:42)
	at org.junit.Assert.assertFalse(Assert.java:65)
	at org.apache.syncope.core.spring.security.AuthDataAccessorC2LLMGuidedTreeTest.getAuthoritiesShouldReturnAdminAuthoritiesForAdminUser(AuthDataAccessorC2LLMGuidedTreeTest.java:260)

[[1;31mERROR[m] org.apache.syncope.core.spring.security.AuthDataAccessorC2LLMGuidedTreeTest.auditShouldDelegateToAuditManager -- Time elapsed: 0.034 s <<< FAILURE!
Argument(s) are different! Wanted:
auditManager.audit(
    "domain",
    <any string>,
    LOGIC,
    "AUTHENTICATION",
    isNull(),
    "login",
    SUCCESS,
    isNull(),
    "out",
    <any>
);
-> at org.apache.syncope.core.spring.security.AuthDataAccessorC2LLMGuidedTreeTest.auditShouldDelegateToAuditManager(AuthDataAccessorC2LLMGuidedTreeTest.java:284)
Actual invocations have different arguments:
auditManager.audit(
    "domain",
    "user",
    LOGIC,
    "AUTHENTICATION",
    null,
    "login",
    SUCCESS,
    null,
    "out"
);
-> at org.apache.syncope.core.spring.security.AuthDataAccessor.audit(AuthDataAccessor.java:516)

	at org.apache.syncope.core.spring.security.AuthDataAccessorC2LLMGuidedTreeTest.auditShouldDelegateToAuditManager(AuthDataAccessorC2LLMGuidedTreeTest.java:284)

[[1;31mERROR[m] org.apache.syncope.core.spring.security.AuthDataAccessorC2LLMGuidedTreeTest.authenticateShouldSetLastLoginAndResetFailedLoginsOnSuccess -- Time elapsed: 0.006 s <<< ERROR!
org.springframework.security.authentication.DisabledException: User null not allowed to authenticate
	at org.apache.syncope.core.spring.security.AuthDataAccessor.authenticate(AuthDataAccessor.java:264)
	at org.apache.syncope.core.spring.security.AuthDataAccessor.authenticate(AuthDataAccessor.java:228)
	at org.apache.syncope.core.spring.security.AuthDataAccessorC2LLMGuidedTreeTest.authenticateShouldSetLastLoginAndResetFailedLoginsOnSuccess(AuthDataAccessorC2LLMGuidedTreeTest.java:194)

[[1;34mINFO[m] 
[[1;34mINFO[m] Results:
[[1;34mINFO[m] 
[[1;31mERROR[m] [1;31mFailures: [m
[[1;31mERROR[m] [1;31m  AuthDataAccessorC2LLMGuidedTreeTest.auditShouldDelegateToAuditManager:284 
Argument(s) are different! Wanted:
auditManager.audit(
    "domain",
    <any string>,
    LOGIC,
    "AUTHENTICATION",
    isNull(),
    "login",
    SUCCESS,
    isNull(),
    "out",
    <any>
);
-> at org.apache.syncope.core.spring.security.AuthDataAccessorC2LLMGuidedTreeTest.auditShouldDelegateToAuditManager(AuthDataAccessorC2LLMGuidedTreeTest.java:284)
Actual invocations have different arguments:
auditManager.audit(
    "domain",
    "user",
    LOGIC,
    "AUTHENTICATION",
    null,
    "login",
    SUCCESS,
    null,
    "out"
);
-> at org.apache.syncope.core.spring.security.AuthDataAccessor.audit(AuthDataAccessor.java:516)
[m
[[1;31mERROR[m] [1;31m  AuthDataAccessorC2LLMGuidedTreeTest.getAuthoritiesShouldReturnAdminAuthoritiesForAdminUser:260 Admin authorities should not be empty[m
[[1;31mERROR[m] [1;31mErrors: [m
[[1;31mERROR[m] [1;31m  AuthDataAccessorC2LLMGuidedTreeTest.authenticateShouldIncrementFailedLoginsOnFailure:227 » Disabled User null not allowed to authenticate[m
[[1;31mERROR[m] [1;31m  AuthDataAccessorC2LLMGuidedTreeTest.authenticateShouldSetLastLoginAndResetFailedLoginsOnSuccess:194 » Disabled User null not allowed to authenticate[m
[[1;34mINFO[m] 
[[1;31mERROR[m] [1;31mTests run: 11, Failures: 2, Errors: 2, Skipped: 0[m
[[1;34mINFO[m] 
[[1;34mINFO[m] [1m------------------------------------------------------------------------[m
[[1;34mINFO[m] [1;31mBUILD FAILURE[m
[[1;34mINFO[m] [1m------------------------------------------------------------------------[m
[[1;34mINFO[m] Total time:  8.502 s
[[1;34mINFO[m] Finished at: 2026-05-29T16:01:51+02:00
[[1;34mINFO[m] [1m------------------------------------------------------------------------[m
[[1;31mERROR[m] Failed to execute goal [32morg.apache.maven.plugins:maven-surefire-plugin:3.5.5:test[m [1m(default-test)[m on project [36msyncope-core-spring[m: [1;31mThere are test failures.[m
[[1;31mERROR[m] [1;31m[m
[[1;31mERROR[m] [1;31mSee /home/leonardo/uni/isw2/SyncopeNoTest/core/spring/target/surefire-reports for the individual test results.[m
[[1;31mERROR[m] [1;31mSee dump files (if any exist) [date].dump, [date]-jvmRun[N].dump and [date].dumpstream.[m
[[1;31mERROR[m] -> [1m[Help 1][m
[[1;31mERROR[m] 
[[1;31mERROR[m] To see the full stack trace of the errors, re-run Maven with the [1m-e[m switch.
[[1;31mERROR[m] Re-run Maven using the [1m-X[m switch to enable full debug logging.
[[1;31mERROR[m] 
[[1;31mERROR[m] For more information about the errors and possible solutions, please read the following articles:
[[1;31mERROR[m] [1m[Help 1][m http://cwiki.apache.org/confluence/display/MAVEN/MojoFailureException
