Randoop for Java version 4.3.4.

Will try to generate tests for 1 classes.
PUBLIC MEMBERS=15
Explorer = ForwardGenerator(steps: 0, null steps: 0, num_sequences_generated: 0;
    allSequences: 0, regresson seqs: 0, error seqs: 0=0=0, invalid seqs: 0, subsumed_sequences: 0, num_failed_output_test: 0;
    sideEffectFreeMethods: 1113, runtimePrimitivesSeen: 38)

Progress update: steps=1, test inputs generated=0, failing inputs=0      (2026-05-29T14:48:21.278330631Z     58,0M used)
Progress update: steps=1000, test inputs generated=430, failing inputs=0      (2026-05-29T14:48:37.140965828Z     167M used)
Progress update: steps=2000, test inputs generated=755, failing inputs=0      (2026-05-29T14:48:45.869156284Z     173M used)
Progress update: steps=3000, test inputs generated=1061, failing inputs=0      (2026-05-29T14:48:53.749675424Z     173M used)
Progress update: steps=4000, test inputs generated=1370, failing inputs=0      (2026-05-29T14:49:01.742841160Z     98,7M used)
Progress update: steps=5000, test inputs generated=1700, failing inputs=0      (2026-05-29T14:49:10.133060144Z     172M used)
Progress update: steps=6000, test inputs generated=2039, failing inputs=0      (2026-05-29T14:49:18.779242996Z     212M used)
Progress update: steps=6293, test inputs generated=2138, failing inputs=0      (2026-05-29T14:49:21.286054540Z     206M used)
Progress update: steps=6293, test inputs generated=2138, failing inputs=0      (2026-05-29T14:49:21.290327691Z     209M used)
Normal method executions: 378642
Exceptional method executions: 310

Average method execution time (normal termination):      0,000278
Average method execution time (exceptional termination): 0,132
Approximate memory usage 209M
Explorer = ForwardGenerator(steps: 6293, null steps: 4155, num_sequences_generated: 2138;
    allSequences: 2138, regresson seqs: 2137, error seqs: 0=0=0, invalid seqs: 0, subsumed_sequences: 0, num_failed_output_test: 1;
    sideEffectFreeMethods: 1113, runtimePrimitivesSeen: 38)

No error-revealing tests to output.

About to look for failing assertions in 1021 regression sequences.

Regression test output:
Regression test count: 1021
Writing regression JUnit tests...
Created file /home/leonardo/uni/isw2/SyncopeNoTest/refactoring-variants/AuthDataAccessor/table3/C4/RND/generated-tests/org/apache/syncope/core/spring/security/randoop/c4/RegressionTest0.java
Created file /home/leonardo/uni/isw2/SyncopeNoTest/refactoring-variants/AuthDataAccessor/table3/C4/RND/generated-tests/org/apache/syncope/core/spring/security/randoop/c4/RegressionTest1.java
Created file /home/leonardo/uni/isw2/SyncopeNoTest/refactoring-variants/AuthDataAccessor/table3/C4/RND/generated-tests/org/apache/syncope/core/spring/security/randoop/c4/RegressionTest2.java
Created file /home/leonardo/uni/isw2/SyncopeNoTest/refactoring-variants/AuthDataAccessor/table3/C4/RND/generated-tests/org/apache/syncope/core/spring/security/randoop/c4/RegressionTest.java
Wrote regression JUnit tests.
About to look for flaky methods.
Done looking for flaky methods.

Invalid tests generated: 0
