Randoop for Java version 4.3.4.

Will try to generate tests for 1 classes.
PUBLIC MEMBERS=15
Explorer = ForwardGenerator(steps: 0, null steps: 0, num_sequences_generated: 0;
    allSequences: 0, regresson seqs: 0, error seqs: 0=0=0, invalid seqs: 0, subsumed_sequences: 0, num_failed_output_test: 0;
    sideEffectFreeMethods: 1113, runtimePrimitivesSeen: 38)

Progress update: steps=1, test inputs generated=0, failing inputs=0      (2026-05-29T13:36:39.462059341Z     52,5M used)
Progress update: steps=1000, test inputs generated=430, failing inputs=0      (2026-05-29T13:36:55.109845084Z     138M used)
Progress update: steps=2000, test inputs generated=755, failing inputs=0      (2026-05-29T13:37:04.538122695Z     127M used)
Progress update: steps=3000, test inputs generated=1061, failing inputs=0      (2026-05-29T13:37:12.892807846Z     249M used)
Progress update: steps=4000, test inputs generated=1370, failing inputs=0      (2026-05-29T13:37:21.287286218Z     213M used)
Progress update: steps=5000, test inputs generated=1700, failing inputs=0      (2026-05-29T13:37:30.136933488Z     323M used)
Progress update: steps=6000, test inputs generated=2039, failing inputs=0      (2026-05-29T13:37:39.182179760Z     403M used)
Progress update: steps=6038, test inputs generated=2051, failing inputs=0      (2026-05-29T13:37:39.472970066Z     328M used)
Progress update: steps=6038, test inputs generated=2051, failing inputs=0      (2026-05-29T13:37:39.484949752Z     337M used)
Normal method executions: 356909
Exceptional method executions: 302

Average method execution time (normal termination):      0,000304
Average method execution time (exceptional termination): 0,115
Approximate memory usage 337M
Explorer = ForwardGenerator(steps: 6038, null steps: 3987, num_sequences_generated: 2051;
    allSequences: 2051, regresson seqs: 2050, error seqs: 0=0=0, invalid seqs: 0, subsumed_sequences: 0, num_failed_output_test: 1;
    sideEffectFreeMethods: 1113, runtimePrimitivesSeen: 38)

No error-revealing tests to output.

About to look for failing assertions in 983 regression sequences.

Regression test output:
Regression test count: 983
Writing regression JUnit tests...
Created file /home/leonardo/uni/isw2/SyncopeNoTest/refactoring-variants/AuthDataAccessor/table3/C2/RND/generated-tests/org/apache/syncope/core/spring/security/randoop/c2/RegressionTest0.java
Created file /home/leonardo/uni/isw2/SyncopeNoTest/refactoring-variants/AuthDataAccessor/table3/C2/RND/generated-tests/org/apache/syncope/core/spring/security/randoop/c2/RegressionTest1.java
Created file /home/leonardo/uni/isw2/SyncopeNoTest/refactoring-variants/AuthDataAccessor/table3/C2/RND/generated-tests/org/apache/syncope/core/spring/security/randoop/c2/RegressionTest.java
Wrote regression JUnit tests.
About to look for flaky methods.
Done looking for flaky methods.

Invalid tests generated: 0
