Randoop for Java version 4.3.4.

Will try to generate tests for 1 classes.
PUBLIC MEMBERS=15
Explorer = ForwardGenerator(steps: 0, null steps: 0, num_sequences_generated: 0;
    allSequences: 0, regresson seqs: 0, error seqs: 0=0=0, invalid seqs: 0, subsumed_sequences: 0, num_failed_output_test: 0;
    sideEffectFreeMethods: 1113, runtimePrimitivesSeen: 38)

Progress update: steps=1, test inputs generated=0, failing inputs=0      (2026-05-29T11:19:58.713805980Z     52,9M used)
Progress update: steps=1000, test inputs generated=430, failing inputs=0      (2026-05-29T11:20:13.802975262Z     542M used)
Progress update: steps=2000, test inputs generated=755, failing inputs=0      (2026-05-29T11:20:22.448927155Z     428M used)
Progress update: steps=3000, test inputs generated=1061, failing inputs=0      (2026-05-29T11:20:30.437083516Z     335M used)
Progress update: steps=4000, test inputs generated=1370, failing inputs=0      (2026-05-29T11:20:38.684915595Z     479M used)
Progress update: steps=5000, test inputs generated=1700, failing inputs=0      (2026-05-29T11:20:47.356323926Z     328M used)
Progress update: steps=6000, test inputs generated=2039, failing inputs=0      (2026-05-29T11:20:56.151639149Z     301M used)
Progress update: steps=6297, test inputs generated=2139, failing inputs=0      (2026-05-29T11:20:58.722467566Z     273M used)
Progress update: steps=6297, test inputs generated=2139, failing inputs=0      (2026-05-29T11:20:58.727750542Z     277M used)
Normal method executions: 378947
Exceptional method executions: 310

Average method execution time (normal termination):      0,000262
Average method execution time (exceptional termination): 0,107
Approximate memory usage 277M
Explorer = ForwardGenerator(steps: 6297, null steps: 4158, num_sequences_generated: 2139;
    allSequences: 2139, regresson seqs: 2138, error seqs: 0=0=0, invalid seqs: 0, subsumed_sequences: 0, num_failed_output_test: 1;
    sideEffectFreeMethods: 1113, runtimePrimitivesSeen: 38)

No error-revealing tests to output.

About to look for failing assertions in 1022 regression sequences.

Regression test output:
Regression test count: 1022
Writing regression JUnit tests...
Created file /home/leonardo/uni/isw2/SyncopeNoTest/refactoring-variants/AuthDataAccessor/table3/C1/RND/generated-tests/org/apache/syncope/core/spring/security/randoop/c1/RegressionTest0.java
Created file /home/leonardo/uni/isw2/SyncopeNoTest/refactoring-variants/AuthDataAccessor/table3/C1/RND/generated-tests/org/apache/syncope/core/spring/security/randoop/c1/RegressionTest1.java
Created file /home/leonardo/uni/isw2/SyncopeNoTest/refactoring-variants/AuthDataAccessor/table3/C1/RND/generated-tests/org/apache/syncope/core/spring/security/randoop/c1/RegressionTest2.java
Created file /home/leonardo/uni/isw2/SyncopeNoTest/refactoring-variants/AuthDataAccessor/table3/C1/RND/generated-tests/org/apache/syncope/core/spring/security/randoop/c1/RegressionTest.java
Wrote regression JUnit tests.
About to look for flaky methods.
Done looking for flaky methods.

Invalid tests generated: 0
